-- The C compiler identification is GNU 11.4.0
-- The CXX compiler identification is GNU 11.4.0
-- The CUDA compiler identification is NVIDIA 12.4.131
-- Detecting C compiler ABI info
-- Detecting C compiler ABI info - done
-- Check for working C compiler: /usr/bin/cc - skipped
-- Detecting C compile features
-- Detecting C compile features - done
-- Detecting CXX compiler ABI info
-- Detecting CXX compiler ABI info - done
-- Check for working CXX compiler: /usr/bin/c++ - skipped
-- Detecting CXX compile features
-- Detecting CXX compile features - done
-- Detecting CUDA compiler ABI info
-- Detecting CUDA compiler ABI info - done
-- Check for working CUDA compiler: /usr/local/cuda/bin/nvcc - skipped
-- Detecting CUDA compile features
-- Detecting CUDA compile features - done
-- Configuring done (3.3s)
-- Generating done (0.0s)
-- Build files have been written to: /root/gpt2.cu/build-ampere
[ 50%] Building CUDA object CMakeFiles/gpt2_executor.dir/src/executor.cu.o
[100%] Linking CUDA shared library libgpt2_executor.so
[100%] Built target gpt2_executor
