========= COMPUTE-SANITIZER
{"shape": [256, 256, 128, 128], "workers": 1, "tasks": 20, "cross_cta_edges": 0, "cross_instruction_overlap": true, "concurrent_instructions_on_distinct_ctas": false}
{"shape": [256, 256, 128, 128], "workers": 3, "tasks": 20, "cross_cta_edges": 3, "cross_instruction_overlap": true, "concurrent_instructions_on_distinct_ctas": true}
{"shape": [256, 256, 128, 128], "workers": 136, "tasks": 20, "cross_cta_edges": 4, "cross_instruction_overlap": true, "concurrent_instructions_on_distinct_ctas": true}
{"shape": [67, 260, 96, 132], "workers": 1, "tasks": 16, "cross_cta_edges": 0, "cross_instruction_overlap": true, "concurrent_instructions_on_distinct_ctas": false}
{"shape": [67, 260, 96, 132], "workers": 3, "tasks": 16, "cross_cta_edges": 8, "cross_instruction_overlap": true, "concurrent_instructions_on_distinct_ctas": true}
{"shape": [67, 260, 96, 132], "workers": 136, "tasks": 16, "cross_cta_edges": 10, "cross_instruction_overlap": true, "concurrent_instructions_on_distinct_ctas": true}
Page pipeline passed: columns=64, rows/page stream=1
Page pipeline passed: columns=64, rows/page stream=2
Page pipeline passed: columns=64, rows/page stream=7
Page pipeline passed: columns=260, rows/page stream=1
Page pipeline passed: columns=260, rows/page stream=2
Page pipeline passed: columns=260, rows/page stream=7
Page pipeline passed: columns=768, rows/page stream=1
Page pipeline passed: columns=768, rows/page stream=2
Page pipeline passed: columns=768, rows/page stream=7
Page pipeline passed: columns=1024, rows/page stream=1
Page pipeline passed: columns=1024, rows/page stream=2
Page pipeline passed: columns=1024, rows/page stream=7
========= RACECHECK SUMMARY: 0 hazards displayed (0 errors, 0 warnings)
